ARM Linker, 4.1 [Build 481] [Standard]

==============================================================================

Section Cross References

    startup_stm32f10x_md.o(RESET) refers to startup_stm32f10x_md.o(STACK) for __initial_sp
    startup_stm32f10x_md.o(RESET) refers to startup_stm32f10x_md.o(.text) for Reset_Handler
    startup_stm32f10x_md.o(RESET) refers to bsp_timer.o(.text) for TIM1_UP_IRQHandler
    startup_stm32f10x_md.o(RESET) refers to usart.o(.text) for USART1_IRQHandler
    startup_stm32f10x_md.o(.text) refers to system_stm32f10x.o(.text) for SystemInit
    startup_stm32f10x_md.o(.text) refers to entry.o(.ARM.Collect$$$$00000000) for __main
    system_stm32f10x.o(.text) refers to system_stm32f10x.o(.data) for SystemCoreClock
    delay.o(.text) refers to misc.o(.text) for SysTick_CLKSourceConfig
    delay.o(.text) refers to system_stm32f10x.o(.data) for SystemCoreClock
    delay.o(.text) refers to delay.o(.data) for fac_us
    usart.o(.text) refers to stm32f10x_rcc.o(.text) for RCC_APB2PeriphClockCmd
    usart.o(.text) refers to stm32f10x_gpio.o(.text) for GPIO_Init
    usart.o(.text) refers to misc.o(.text) for NVIC_Init
    usart.o(.text) refers to stm32f10x_usart.o(.text) for USART_Init
    usart.o(.text) refers to usart.o(.data) for USART_RX_STA
    usart.o(.text) refers to usart.o(.bss) for USART_RX_BUF
    main.o(.text) refers to bsp.o(.text) for bsp_init
    main.o(.text) refers to delay.o(.text) for delay_ms
    main.o(.text) refers to bsp_servo.o(.data) for Angle_J1
    app_motor.o(.text) refers to stm32f10x_gpio.o(.text) for GPIO_SetBits
    app_motor.o(.text) refers to stm32f10x_tim.o(.text) for TIM_SetCompare2
    bsp.o(.text) refers to delay.o(.text) for delay_init
    bsp.o(.text) refers to bsp_gpio.o(.text) for MOTOR_GPIO_Init
    bsp.o(.text) refers to bsp_motor.o(.text) for Motor_PWM_Init
    bsp.o(.text) refers to bsp_timer.o(.text) for TIM1_Int_Init
    bsp_gpio.o(.text) refers to stm32f10x_rcc.o(.text) for RCC_APB2PeriphClockCmd
    bsp_gpio.o(.text) refers to stm32f10x_gpio.o(.text) for GPIO_Init
    bsp_gpio.o(.text) refers to stm32f10x_pwr.o(.text) for PWR_BackupAccessCmd
    bsp_gpio.o(.text) refers to stm32f10x_bkp.o(.text) for BKP_TamperPinCmd
    bsp_motor.o(.text) refers to stm32f10x_rcc.o(.text) for RCC_APB1PeriphClockCmd
    bsp_motor.o(.text) refers to stm32f10x_gpio.o(.text) for GPIO_Init
    bsp_motor.o(.text) refers to stm32f10x_tim.o(.text) for TIM_TimeBaseInit
    bsp_servo.o(.text) refers to stm32f10x_gpio.o(.text) for GPIO_SetBits
    bsp_servo.o(.text) refers to delay.o(.text) for delay_us
    bsp_timer.o(.text) refers to stm32f10x_rcc.o(.text) for RCC_APB2PeriphClockCmd
    bsp_timer.o(.text) refers to stm32f10x_tim.o(.text) for TIM_TimeBaseInit
    bsp_timer.o(.text) refers to misc.o(.text) for NVIC_Init
    bsp_timer.o(.text) refers to stm32f10x_gpio.o(.text) for GPIO_SetBits
    bsp_timer.o(.text) refers to bsp_timer.o(.data) for num
    bsp_timer.o(.text) refers to bsp_servo.o(.data) for Angle_J1
    bsp_colorful.o(.text) refers to stm32f10x_gpio.o(.text) for GPIO_SetBits
    stm32f10x_adc.o(.text) refers to stm32f10x_rcc.o(.text) for RCC_APB2PeriphResetCmd
    stm32f10x_bkp.o(.text) refers to stm32f10x_rcc.o(.text) for RCC_BackupResetCmd
    stm32f10x_can.o(.text) refers to stm32f10x_rcc.o(.text) for RCC_APB1PeriphResetCmd
    stm32f10x_cec.o(.text) refers to stm32f10x_rcc.o(.text) for RCC_APB1PeriphResetCmd
    stm32f10x_dac.o(.text) refers to stm32f10x_rcc.o(.text) for RCC_APB1PeriphResetCmd
    stm32f10x_gpio.o(.text) refers to stm32f10x_rcc.o(.text) for RCC_APB2PeriphResetCmd
    stm32f10x_i2c.o(.text) refers to stm32f10x_rcc.o(.text) for RCC_APB1PeriphResetCmd
    stm32f10x_pwr.o(.text) refers to stm32f10x_rcc.o(.text) for RCC_APB1PeriphResetCmd
    stm32f10x_rcc.o(.text) refers to stm32f10x_rcc.o(.data) for APBAHBPrescTable
    stm32f10x_spi.o(.text) refers to stm32f10x_rcc.o(.text) for RCC_APB2PeriphResetCmd
    stm32f10x_tim.o(.text) refers to stm32f10x_rcc.o(.text) for RCC_APB2PeriphResetCmd
    stm32f10x_usart.o(.text) refers to stm32f10x_rcc.o(.text) for RCC_APB2PeriphResetCmd
    stm32f10x_wwdg.o(.text) refers to stm32f10x_rcc.o(.text) for RCC_APB1PeriphResetCmd
    entry.o(.ARM.Collect$$$$00000000) refers (Special) to entry7.o(.ARM.Collect$$$$00000007) for _main_init
    entry.o(.ARM.Collect$$$$00000000) refers (Special) to entry5.o(.ARM.Collect$$$$00000004) for _main_scatterload
    entry.o(.ARM.Collect$$$$00000000) refers (Special) to entry2.o(.ARM.Collect$$$$00000001) for _main_stk
    entry2.o(.ARM.Collect$$$$00000001) refers to entry2.o(.ARM.Collect$$$$00002712) for __lit__00000000
    entry2.o(.ARM.Collect$$$$00002712) refers to startup_stm32f10x_md.o(STACK) for __initial_sp
    entry2.o(__vectab_stack_and_reset_area) refers to startup_stm32f10x_md.o(STACK) for __initial_sp
    entry2.o(__vectab_stack_and_reset_area) refers to entry.o(.ARM.Collect$$$$00000000) for __main
    entry5.o(.ARM.Collect$$$$00000004) refers to init.o(.text) for __scatterload
    entry7.o(.ARM.Collect$$$$00000007) refers to main.o(.text) for main
    init.o(.text) refers to entry5.o(.ARM.Collect$$$$00000004) for __main_after_scatterload


==============================================================================

Removing Unused input sections from the image.

    Removing startup_stm32f10x_md.o(HEAP), (512 bytes).
    Removing core_cm3.o(.emb_text), (32 bytes).
    Removing app_motor.o(.text), (416 bytes).
    Removing bsp_servo.o(.text), (456 bytes).
    Removing bsp_colorful.o(.text), (88 bytes).
    Removing stm32f10x_adc.o(.text), (1088 bytes).
    Removing stm32f10x_can.o(.text), (2580 bytes).
    Removing stm32f10x_cec.o(.text), (312 bytes).
    Removing stm32f10x_crc.o(.text), (72 bytes).
    Removing stm32f10x_dac.o(.text), (424 bytes).
    Removing stm32f10x_dbgmcu.o(.text), (48 bytes).
    Removing stm32f10x_dma.o(.text), (584 bytes).
    Removing stm32f10x_exti.o(.text), (316 bytes).
    Removing stm32f10x_flash.o(.text), (1480 bytes).
    Removing stm32f10x_fsmc.o(.text), (1560 bytes).
    Removing stm32f10x_i2c.o(.text), (1008 bytes).
    Removing stm32f10x_iwdg.o(.text), (64 bytes).
    Removing stm32f10x_rtc.o(.text), (376 bytes).
    Removing stm32f10x_sdio.o(.text), (472 bytes).
    Removing stm32f10x_spi.o(.text), (784 bytes).
    Removing stm32f10x_wwdg.o(.text), (136 bytes).

21 unused section(s) (total 12808 bytes) removed from the image.

==============================================================================

Image Symbol Table

    Local Symbols

    Symbol Name                              Value     Ov Type        Size  Object(Section)

    ../../microlib/init/entry.s              0x00000000   Number         0  entry2.o ABSOLUTE
    ../../microlib/init/entry.s              0x00000000   Number         0  entry.o ABSOLUTE
    ../../microlib/init/entry.s              0x00000000   Number         0  entry7.o ABSOLUTE
    ../../microlib/init/entry.s              0x00000000   Number         0  entry5.o ABSOLUTE
    ../../microlib/stubs.s                   0x00000000   Number         0  useno.o ABSOLUTE
    CMSIS\\core_cm3.c                        0x00000000   Number         0  core_cm3.o ABSOLUTE
    CMSIS\core_cm3.c                         0x00000000   Number         0  core_cm3.o ABSOLUTE
    CMSIS\startup\startup_stm32f10x_md.s     0x00000000   Number         0  startup_stm32f10x_md.o ABSOLUTE
    CMSIS\system_stm32f10x.c                 0x00000000   Number         0  system_stm32f10x.o ABSOLUTE
    FWlib\src\misc.c                         0x00000000   Number         0  misc.o ABSOLUTE
    FWlib\src\stm32f10x_adc.c                0x00000000   Number         0  stm32f10x_adc.o ABSOLUTE
    FWlib\src\stm32f10x_bkp.c                0x00000000   Number         0  stm32f10x_bkp.o ABSOLUTE
    FWlib\src\stm32f10x_can.c                0x00000000   Number         0  stm32f10x_can.o ABSOLUTE
    FWlib\src\stm32f10x_cec.c                0x00000000   Number         0  stm32f10x_cec.o ABSOLUTE
    FWlib\src\stm32f10x_crc.c                0x00000000   Number         0  stm32f10x_crc.o ABSOLUTE
    FWlib\src\stm32f10x_dac.c                0x00000000   Number         0  stm32f10x_dac.o ABSOLUTE
    FWlib\src\stm32f10x_dbgmcu.c             0x00000000   Number         0  stm32f10x_dbgmcu.o ABSOLUTE
    FWlib\src\stm32f10x_dma.c                0x00000000   Number         0  stm32f10x_dma.o ABSOLUTE
    FWlib\src\stm32f10x_exti.c               0x00000000   Number         0  stm32f10x_exti.o ABSOLUTE
    FWlib\src\stm32f10x_flash.c              0x00000000   Number         0  stm32f10x_flash.o ABSOLUTE
    FWlib\src\stm32f10x_fsmc.c               0x00000000   Number         0  stm32f10x_fsmc.o ABSOLUTE
    FWlib\src\stm32f10x_gpio.c               0x00000000   Number         0  stm32f10x_gpio.o ABSOLUTE
    FWlib\src\stm32f10x_i2c.c                0x00000000   Number         0  stm32f10x_i2c.o ABSOLUTE
    FWlib\src\stm32f10x_iwdg.c               0x00000000   Number         0  stm32f10x_iwdg.o ABSOLUTE
    FWlib\src\stm32f10x_pwr.c                0x00000000   Number         0  stm32f10x_pwr.o ABSOLUTE
    FWlib\src\stm32f10x_rcc.c                0x00000000   Number         0  stm32f10x_rcc.o ABSOLUTE
    FWlib\src\stm32f10x_rtc.c                0x00000000   Number         0  stm32f10x_rtc.o ABSOLUTE
    FWlib\src\stm32f10x_sdio.c               0x00000000   Number         0  stm32f10x_sdio.o ABSOLUTE
    FWlib\src\stm32f10x_spi.c                0x00000000   Number         0  stm32f10x_spi.o ABSOLUTE
    FWlib\src\stm32f10x_tim.c                0x00000000   Number         0  stm32f10x_tim.o ABSOLUTE
    FWlib\src\stm32f10x_usart.c              0x00000000   Number         0  stm32f10x_usart.o ABSOLUTE
    FWlib\src\stm32f10x_wwdg.c               0x00000000   Number         0  stm32f10x_wwdg.o ABSOLUTE
    Source\APP\app_motor.c                   0x00000000   Number         0  app_motor.o ABSOLUTE
    Source\APP\main.c                        0x00000000   Number         0  main.o ABSOLUTE
    Source\BSP\bsp.c                         0x00000000   Number         0  bsp.o ABSOLUTE
    Source\BSP\bsp_colorful.c                0x00000000   Number         0  bsp_colorful.o ABSOLUTE
    Source\BSP\bsp_gpio.c                    0x00000000   Number         0  bsp_gpio.o ABSOLUTE
    Source\BSP\bsp_motor.c                   0x00000000   Number         0  bsp_motor.o ABSOLUTE
    Source\BSP\bsp_servo.c                   0x00000000   Number         0  bsp_servo.o ABSOLUTE
    Source\BSP\bsp_timer.c                   0x00000000   Number         0  bsp_timer.o ABSOLUTE
    Source\PUBLIC\delay\delay.c              0x00000000   Number         0  delay.o ABSOLUTE
    Source\PUBLIC\sys\sys.c                  0x00000000   Number         0  sys.o ABSOLUTE
    Source\PUBLIC\usart\usart.c              0x00000000   Number         0  usart.o ABSOLUTE
    dc.s                                     0x00000000   Number         0  dc.o ABSOLUTE
    handlers.s                               0x00000000   Number         0  handlers.o ABSOLUTE
    init.s                                   0x00000000   Number         0  init.o ABSOLUTE
    RESET                                    0x08000000   Section      236  startup_stm32f10x_md.o(RESET)
    .ARM.Collect$$$$00000000                 0x080000ec   Section        0  entry.o(.ARM.Collect$$$$00000000)
    .ARM.Collect$$$$00000001                 0x080000ec   Section        4  entry2.o(.ARM.Collect$$$$00000001)
    .ARM.Collect$$$$00000004                 0x080000f0   Section        4  entry5.o(.ARM.Collect$$$$00000004)
    .ARM.Collect$$$$00000007                 0x080000f4   Section        8  entry7.o(.ARM.Collect$$$$00000007)
    .ARM.Collect$$$$00002712                 0x080000fc   Section        4  entry2.o(.ARM.Collect$$$$00002712)
    __lit__00000000                          0x080000fc   Data           4  entry2.o(.ARM.Collect$$$$00002712)
    .text                                    0x08000100   Section       36  startup_stm32f10x_md.o(.text)
    .text                                    0x08000124   Section        0  system_stm32f10x.o(.text)
    SetSysClockTo72                          0x08000125   Thumb Code   192  system_stm32f10x.o(.text)
    SetSysClock                              0x080001e5   Thumb Code     8  system_stm32f10x.o(.text)
    .text                                    0x080002ec   Section        0  delay.o(.text)
    .text                                    0x080003b0   Section        0  usart.o(.text)
    .text                                    0x080004f0   Section        0  main.o(.text)
    .text                                    0x08000590   Section        0  bsp.o(.text)
    .text                                    0x080005bc   Section        0  bsp_gpio.o(.text)
    .text                                    0x0800076c   Section        0  bsp_motor.o(.text)
    .text                                    0x08000860   Section        0  bsp_timer.o(.text)
    .text                                    0x08000a50   Section        0  misc.o(.text)
    .text                                    0x08000b48   Section        0  stm32f10x_bkp.o(.text)
    .text                                    0x08000c0c   Section        0  stm32f10x_gpio.o(.text)
    .text                                    0x08000f64   Section        0  stm32f10x_pwr.o(.text)
    .text                                    0x0800103c   Section        0  stm32f10x_rcc.o(.text)
    .text                                    0x080013e0   Section        0  stm32f10x_tim.o(.text)
    TI4_Config                               0x08001869   Thumb Code   118  stm32f10x_tim.o(.text)
    TI3_Config                               0x080018f1   Thumb Code   114  stm32f10x_tim.o(.text)
    TI2_Config                               0x08001979   Thumb Code   118  stm32f10x_tim.o(.text)
    TI1_Config                               0x08001a01   Thumb Code   106  stm32f10x_tim.o(.text)
    .text                                    0x08002190   Section        0  stm32f10x_usart.o(.text)
    .text                                    0x0800259c   Section       36  init.o(.text)
    i.__scatterload_copy                     0x080025c0   Section       14  handlers.o(i.__scatterload_copy)
    i.__scatterload_null                     0x080025ce   Section        2  handlers.o(i.__scatterload_null)
    i.__scatterload_zeroinit                 0x080025d0   Section       14  handlers.o(i.__scatterload_zeroinit)
    .data                                    0x20000000   Section       20  system_stm32f10x.o(.data)
    .data                                    0x20000014   Section        4  delay.o(.data)
    fac_us                                   0x20000014   Data           1  delay.o(.data)
    fac_ms                                   0x20000016   Data           2  delay.o(.data)
    .data                                    0x20000018   Section        8  usart.o(.data)
    .data                                    0x20000020   Section       24  bsp_servo.o(.data)
    .data                                    0x20000038   Section        4  bsp_timer.o(.data)
    .data                                    0x2000003c   Section       20  stm32f10x_rcc.o(.data)
    APBAHBPrescTable                         0x2000003c   Data          16  stm32f10x_rcc.o(.data)
    ADCPrescTable                            0x2000004c   Data           4  stm32f10x_rcc.o(.data)
    .bss                                     0x20000050   Section      200  usart.o(.bss)
    STACK                                    0x20000118   Section     1024  startup_stm32f10x_md.o(STACK)

    Global Symbols

    Symbol Name                              Value     Ov Type        Size  Object(Section)

    BuildAttributes$$THM_ISAv4$P$D$K$B$S$PE$A:L22UL41UL21$X:L11$S22US41US21$IEEE1$IW$USESV6$~STKCKD$USESV7$~SHL$OSPACE$EBA8$MICROLIB$REQ8$PRES8$EABIv2 0x00000000   Number         0  anon$$obj.o ABSOLUTE
    __ARM_use_no_argv                        0x00000000   Number         0  main.o ABSOLUTE
    __use_no_errno                           0x00000000   Number         0  useno.o ABSOLUTE
    __use_no_exception_handling              0x00000000   Number         0  useno.o ABSOLUTE
    __use_no_fp                              0x00000000   Number         0  useno.o ABSOLUTE
    __use_no_heap                            0x00000000   Number         0  useno.o ABSOLUTE
    __use_no_heap_region                     0x00000000   Number         0  useno.o ABSOLUTE
    __use_no_semihosting                     0x00000000   Number         0  useno.o ABSOLUTE
    __use_no_semihosting_swi                 0x00000000   Number         0  useno.o ABSOLUTE
    __use_no_signal_handling                 0x00000000   Number         0  useno.o ABSOLUTE
    __decompress                              - Undefined Weak Reference
    __Vectors_Size                           0x000000ec   Number         0  startup_stm32f10x_md.o ABSOLUTE
    __Vectors                                0x08000000   Data           4  startup_stm32f10x_md.o(RESET)
    __Vectors_End                            0x080000ec   Data           0  startup_stm32f10x_md.o(RESET)
    __main                                   0x080000ed   Thumb Code     0  entry.o(.ARM.Collect$$$$00000000)
    _main_stk                                0x080000ed   Thumb Code     0  entry2.o(.ARM.Collect$$$$00000001)
    _main_scatterload                        0x080000f1   Thumb Code     0  entry5.o(.ARM.Collect$$$$00000004)
    __main_after_scatterload                 0x080000f5   Thumb Code     0  entry5.o(.ARM.Collect$$$$00000004)
    _main_init                               0x080000f5   Thumb Code     0  entry7.o(.ARM.Collect$$$$00000007)
    Reset_Handler                            0x08000101   Thumb Code     8  startup_stm32f10x_md.o(.text)
    NMI_Handler                              0x08000109   Thumb Code     2  startup_stm32f10x_md.o(.text)
    HardFault_Handler                        0x0800010b   Thumb Code     2  startup_stm32f10x_md.o(.text)
    MemManage_Handler                        0x0800010d   Thumb Code     2  startup_stm32f10x_md.o(.text)
    BusFault_Handler                         0x0800010f   Thumb Code     2  startup_stm32f10x_md.o(.text)
    UsageFault_Handler                       0x08000111   Thumb Code     2  startup_stm32f10x_md.o(.text)
    SVC_Handler                              0x08000113   Thumb Code     2  startup_stm32f10x_md.o(.text)
    DebugMon_Handler                         0x08000115   Thumb Code     2  startup_stm32f10x_md.o(.text)
    PendSV_Handler                           0x08000117   Thumb Code     2  startup_stm32f10x_md.o(.text)
    SysTick_Handler                          0x08000119   Thumb Code     2  startup_stm32f10x_md.o(.text)
    ADC1_2_IRQHandler                        0x0800011b   Thumb Code     0  startup_stm32f10x_md.o(.text)
    CAN1_RX1_IRQHandler                      0x0800011b   Thumb Code     0  startup_stm32f10x_md.o(.text)
    CAN1_SCE_IRQHandler                      0x0800011b   Thumb Code     0  startup_stm32f10x_md.o(.text)
    DMA1_Channel1_IRQHandler                 0x0800011b   Thumb Code     0  startup_stm32f10x_md.o(.text)
    DMA1_Channel2_IRQHandler                 0x0800011b   Thumb Code     0  startup_stm32f10x_md.o(.text)
    DMA1_Channel3_IRQHandler                 0x0800011b   Thumb Code     0  startup_stm32f10x_md.o(.text)
    DMA1_Channel4_IRQHandler                 0x0800011b   Thumb Code     0  startup_stm32f10x_md.o(.text)
    DMA1_Channel5_IRQHandler                 0x0800011b   Thumb Code     0  startup_stm32f10x_md.o(.text)
    DMA1_Channel6_IRQHandler                 0x0800011b   Thumb Code     0  startup_stm32f10x_md.o(.text)
    DMA1_Channel7_IRQHandler                 0x0800011b   Thumb Code     0  startup_stm32f10x_md.o(.text)
    EXTI0_IRQHandler                         0x0800011b   Thumb Code     0  startup_stm32f10x_md.o(.text)
    EXTI15_10_IRQHandler                     0x0800011b   Thumb Code     0  startup_stm32f10x_md.o(.text)
    EXTI1_IRQHandler                         0x0800011b   Thumb Code     0  startup_stm32f10x_md.o(.text)
    EXTI2_IRQHandler                         0x0800011b   Thumb Code     0  startup_stm32f10x_md.o(.text)
    EXTI3_IRQHandler                         0x0800011b   Thumb Code     0  startup_stm32f10x_md.o(.text)
    EXTI4_IRQHandler                         0x0800011b   Thumb Code     0  startup_stm32f10x_md.o(.text)
    EXTI9_5_IRQHandler                       0x0800011b   Thumb Code     0  startup_stm32f10x_md.o(.text)
    FLASH_IRQHandler                         0x0800011b   Thumb Code     0  startup_stm32f10x_md.o(.text)
    I2C1_ER_IRQHandler                       0x0800011b   Thumb Code     0  startup_stm32f10x_md.o(.text)
    I2C1_EV_IRQHandler                       0x0800011b   Thumb Code     0  startup_stm32f10x_md.o(.text)
    I2C2_ER_IRQHandler                       0x0800011b   Thumb Code     0  startup_stm32f10x_md.o(.text)
    I2C2_EV_IRQHandler                       0x0800011b   Thumb Code     0  startup_stm32f10x_md.o(.text)
    PVD_IRQHandler                           0x0800011b   Thumb Code     0  startup_stm32f10x_md.o(.text)
    RCC_IRQHandler                           0x0800011b   Thumb Code     0  startup_stm32f10x_md.o(.text)
    RTCAlarm_IRQHandler                      0x0800011b   Thumb Code     0  startup_stm32f10x_md.o(.text)
    RTC_IRQHandler                           0x0800011b   Thumb Code     0  startup_stm32f10x_md.o(.text)
    SPI1_IRQHandler                          0x0800011b   Thumb Code     0  startup_stm32f10x_md.o(.text)
    SPI2_IRQHandler                          0x0800011b   Thumb Code     0  startup_stm32f10x_md.o(.text)
    TAMPER_IRQHandler                        0x0800011b   Thumb Code     0  startup_stm32f10x_md.o(.text)
    TIM1_BRK_IRQHandler                      0x0800011b   Thumb Code     0  startup_stm32f10x_md.o(.text)
    TIM1_CC_IRQHandler                       0x0800011b   Thumb Code     0  startup_stm32f10x_md.o(.text)
    TIM1_TRG_COM_IRQHandler                  0x0800011b   Thumb Code     0  startup_stm32f10x_md.o(.text)
    TIM2_IRQHandler                          0x0800011b   Thumb Code     0  startup_stm32f10x_md.o(.text)
    TIM3_IRQHandler                          0x0800011b   Thumb Code     0  startup_stm32f10x_md.o(.text)
    TIM4_IRQHandler                          0x0800011b   Thumb Code     0  startup_stm32f10x_md.o(.text)
    USART2_IRQHandler                        0x0800011b   Thumb Code     0  startup_stm32f10x_md.o(.text)
    USART3_IRQHandler                        0x0800011b   Thumb Code     0  startup_stm32f10x_md.o(.text)
    USBWakeUp_IRQHandler                     0x0800011b   Thumb Code     0  startup_stm32f10x_md.o(.text)
    USB_HP_CAN1_TX_IRQHandler                0x0800011b   Thumb Code     0  startup_stm32f10x_md.o(.text)
    USB_LP_CAN1_RX0_IRQHandler               0x0800011b   Thumb Code     0  startup_stm32f10x_md.o(.text)
    WWDG_IRQHandler                          0x0800011b   Thumb Code     0  startup_stm32f10x_md.o(.text)
    SystemInit                               0x080001ed   Thumb Code    78  system_stm32f10x.o(.text)
    SystemCoreClockUpdate                    0x0800023b   Thumb Code   142  system_stm32f10x.o(.text)
    delay_init                               0x080002ed   Thumb Code    40  delay.o(.text)
    delay_us                                 0x08000315   Thumb Code    70  delay.o(.text)
    delay_ms                                 0x0800035b   Thumb Code    70  delay.o(.text)
    _sys_exit                                0x080003b1   Thumb Code     6  usart.o(.text)
    fputc                                    0x080003b7   Thumb Code    20  usart.o(.text)
    uart_init                                0x080003cb   Thumb Code   152  usart.o(.text)
    USART1_IRQHandler                        0x08000463   Thumb Code   122  usart.o(.text)
    main                                     0x080004f1   Thumb Code   134  main.o(.text)
    bsp_init                                 0x08000591   Thumb Code    42  bsp.o(.text)
    MOTOR_GPIO_Init                          0x080005bd   Thumb Code    66  bsp_gpio.o(.text)
    Servo_GPIO_Init                          0x080005ff   Thumb Code   242  bsp_gpio.o(.text)
    Colorful_GPIO_Init                       0x080006f1   Thumb Code   110  bsp_gpio.o(.text)
    Motor_PWM_Init                           0x0800076d   Thumb Code   236  bsp_motor.o(.text)
    TIM1_Int_Init                            0x08000861   Thumb Code    98  bsp_timer.o(.text)
    TIM1_UP_IRQHandler                       0x080008c3   Thumb Code   358  bsp_timer.o(.text)
    NVIC_PriorityGroupConfig                 0x08000a51   Thumb Code    10  misc.o(.text)
    NVIC_Init                                0x08000a5b   Thumb Code   118  misc.o(.text)
    NVIC_SetVectorTable                      0x08000ad1   Thumb Code    12  misc.o(.text)
    NVIC_SystemLPConfig                      0x08000add   Thumb Code    38  misc.o(.text)
    SysTick_CLKSourceConfig                  0x08000b03   Thumb Code    40  misc.o(.text)
    BKP_DeInit                               0x08000b49   Thumb Code    16  stm32f10x_bkp.o(.text)
    BKP_TamperPinLevelConfig                 0x08000b59   Thumb Code     6  stm32f10x_bkp.o(.text)
    BKP_TamperPinCmd                         0x08000b5f   Thumb Code     6  stm32f10x_bkp.o(.text)
    BKP_ITConfig                             0x08000b65   Thumb Code     6  stm32f10x_bkp.o(.text)
    BKP_RTCOutputConfig                      0x08000b6b   Thumb Code    28  stm32f10x_bkp.o(.text)
    BKP_SetRTCCalibrationValue               0x08000b87   Thumb Code    28  stm32f10x_bkp.o(.text)
    BKP_WriteBackupRegister                  0x08000ba3   Thumb Code    12  stm32f10x_bkp.o(.text)
    BKP_ReadBackupRegister                   0x08000baf   Thumb Code    14  stm32f10x_bkp.o(.text)
    BKP_GetFlagStatus                        0x08000bbd   Thumb Code     8  stm32f10x_bkp.o(.text)
    BKP_ClearFlag                            0x08000bc5   Thumb Code    16  stm32f10x_bkp.o(.text)
    BKP_GetITStatus                          0x08000bd5   Thumb Code     8  stm32f10x_bkp.o(.text)
    BKP_ClearITPendingBit                    0x08000bdd   Thumb Code    16  stm32f10x_bkp.o(.text)
    GPIO_DeInit                              0x08000c0d   Thumb Code   172  stm32f10x_gpio.o(.text)
    GPIO_AFIODeInit                          0x08000cb9   Thumb Code    20  stm32f10x_gpio.o(.text)
    GPIO_Init                                0x08000ccd   Thumb Code   274  stm32f10x_gpio.o(.text)
    GPIO_StructInit                          0x08000ddf   Thumb Code    16  stm32f10x_gpio.o(.text)
    GPIO_ReadInputDataBit                    0x08000def   Thumb Code    18  stm32f10x_gpio.o(.text)
    GPIO_ReadInputData                       0x08000e01   Thumb Code     8  stm32f10x_gpio.o(.text)
    GPIO_ReadOutputDataBit                   0x08000e09   Thumb Code    18  stm32f10x_gpio.o(.text)
    GPIO_ReadOutputData                      0x08000e1b   Thumb Code     8  stm32f10x_gpio.o(.text)
    GPIO_SetBits                             0x08000e23   Thumb Code     4  stm32f10x_gpio.o(.text)
    GPIO_ResetBits                           0x08000e27   Thumb Code     4  stm32f10x_gpio.o(.text)
    GPIO_WriteBit                            0x08000e2b   Thumb Code    10  stm32f10x_gpio.o(.text)
    GPIO_Write                               0x08000e35   Thumb Code     4  stm32f10x_gpio.o(.text)
    GPIO_PinLockConfig                       0x08000e39   Thumb Code    18  stm32f10x_gpio.o(.text)
    GPIO_EventOutputConfig                   0x08000e4b   Thumb Code    26  stm32f10x_gpio.o(.text)
    GPIO_EventOutputCmd                      0x08000e65   Thumb Code     6  stm32f10x_gpio.o(.text)
    GPIO_PinRemapConfig                      0x08000e6b   Thumb Code   138  stm32f10x_gpio.o(.text)
    GPIO_EXTILineConfig                      0x08000ef5   Thumb Code    66  stm32f10x_gpio.o(.text)
    GPIO_ETH_MediaInterfaceConfig            0x08000f37   Thumb Code     6  stm32f10x_gpio.o(.text)
    PWR_DeInit                               0x08000f65   Thumb Code    22  stm32f10x_pwr.o(.text)
    PWR_BackupAccessCmd                      0x08000f7b   Thumb Code     6  stm32f10x_pwr.o(.text)
    PWR_PVDCmd                               0x08000f81   Thumb Code     6  stm32f10x_pwr.o(.text)
    PWR_PVDLevelConfig                       0x08000f87   Thumb Code    18  stm32f10x_pwr.o(.text)
    PWR_WakeUpPinCmd                         0x08000f99   Thumb Code     6  stm32f10x_pwr.o(.text)
    PWR_EnterSTOPMode                        0x08000f9f   Thumb Code    62  stm32f10x_pwr.o(.text)
    PWR_EnterSTANDBYMode                     0x08000fdd   Thumb Code    46  stm32f10x_pwr.o(.text)
    PWR_GetFlagStatus                        0x0800100b   Thumb Code    20  stm32f10x_pwr.o(.text)
    PWR_ClearFlag                            0x0800101f   Thumb Code    14  stm32f10x_pwr.o(.text)
    RCC_DeInit                               0x0800103d   Thumb Code    64  stm32f10x_rcc.o(.text)
    RCC_HSEConfig                            0x0800107d   Thumb Code    70  stm32f10x_rcc.o(.text)
    RCC_GetFlagStatus                        0x080010c3   Thumb Code    56  stm32f10x_rcc.o(.text)
    RCC_WaitForHSEStartUp                    0x080010fb   Thumb Code    48  stm32f10x_rcc.o(.text)
    RCC_AdjustHSICalibrationValue            0x0800112b   Thumb Code    20  stm32f10x_rcc.o(.text)
    RCC_HSICmd                               0x0800113f   Thumb Code     6  stm32f10x_rcc.o(.text)
    RCC_PLLConfig                            0x08001145   Thumb Code    24  stm32f10x_rcc.o(.text)
    RCC_PLLCmd                               0x0800115d   Thumb Code     6  stm32f10x_rcc.o(.text)
    RCC_SYSCLKConfig                         0x08001163   Thumb Code    18  stm32f10x_rcc.o(.text)
    RCC_GetSYSCLKSource                      0x08001175   Thumb Code    10  stm32f10x_rcc.o(.text)
    RCC_HCLKConfig                           0x0800117f   Thumb Code    18  stm32f10x_rcc.o(.text)
    RCC_PCLK1Config                          0x08001191   Thumb Code    18  stm32f10x_rcc.o(.text)
    RCC_PCLK2Config                          0x080011a3   Thumb Code    20  stm32f10x_rcc.o(.text)
    RCC_ITConfig                             0x080011b7   Thumb Code    30  stm32f10x_rcc.o(.text)
    RCC_USBCLKConfig                         0x080011d5   Thumb Code     6  stm32f10x_rcc.o(.text)
    RCC_ADCCLKConfig                         0x080011db   Thumb Code    18  stm32f10x_rcc.o(.text)
    RCC_LSEConfig                            0x080011ed   Thumb Code    44  stm32f10x_rcc.o(.text)
    RCC_LSICmd                               0x08001219   Thumb Code     6  stm32f10x_rcc.o(.text)
    RCC_RTCCLKConfig                         0x0800121f   Thumb Code    12  stm32f10x_rcc.o(.text)
    RCC_RTCCLKCmd                            0x0800122b   Thumb Code     6  stm32f10x_rcc.o(.text)
    RCC_GetClocksFreq                        0x08001231   Thumb Code   192  stm32f10x_rcc.o(.text)
    RCC_AHBPeriphClockCmd                    0x080012f1   Thumb Code    26  stm32f10x_rcc.o(.text)
    RCC_APB2PeriphClockCmd                   0x0800130b   Thumb Code    26  stm32f10x_rcc.o(.text)
    RCC_APB1PeriphClockCmd                   0x08001325   Thumb Code    26  stm32f10x_rcc.o(.text)
    RCC_APB2PeriphResetCmd                   0x0800133f   Thumb Code    26  stm32f10x_rcc.o(.text)
    RCC_APB1PeriphResetCmd                   0x08001359   Thumb Code    26  stm32f10x_rcc.o(.text)
    RCC_BackupResetCmd                       0x08001373   Thumb Code     6  stm32f10x_rcc.o(.text)
    RCC_ClockSecuritySystemCmd               0x08001379   Thumb Code     6  stm32f10x_rcc.o(.text)
    RCC_MCOConfig                            0x0800137f   Thumb Code     6  stm32f10x_rcc.o(.text)
    RCC_ClearFlag                            0x08001385   Thumb Code    14  stm32f10x_rcc.o(.text)
    RCC_GetITStatus                          0x08001393   Thumb Code    20  stm32f10x_rcc.o(.text)
    RCC_ClearITPendingBit                    0x080013a7   Thumb Code     6  stm32f10x_rcc.o(.text)
    TIM_DeInit                               0x080013e1   Thumb Code   424  stm32f10x_tim.o(.text)
    TIM_TimeBaseInit                         0x08001589   Thumb Code   122  stm32f10x_tim.o(.text)
    TIM_OC1Init                              0x08001603   Thumb Code   132  stm32f10x_tim.o(.text)
    TIM_OC2Init                              0x08001687   Thumb Code   146  stm32f10x_tim.o(.text)
    TIM_OC3Init                              0x08001719   Thumb Code   142  stm32f10x_tim.o(.text)
    TIM_OC4Init                              0x080017a7   Thumb Code   172  stm32f10x_tim.o(.text)
    TIM_SetIC4Prescaler                      0x08001853   Thumb Code    22  stm32f10x_tim.o(.text)
    TIM_SetIC3Prescaler                      0x080018df   Thumb Code    18  stm32f10x_tim.o(.text)
    TIM_SetIC2Prescaler                      0x08001963   Thumb Code    22  stm32f10x_tim.o(.text)
    TIM_SetIC1Prescaler                      0x080019ef   Thumb Code    18  stm32f10x_tim.o(.text)
    TIM_ICInit                               0x08001a6b   Thumb Code   150  stm32f10x_tim.o(.text)
    TIM_PWMIConfig                           0x08001b01   Thumb Code   124  stm32f10x_tim.o(.text)
    TIM_BDTRConfig                           0x08001b7d   Thumb Code    32  stm32f10x_tim.o(.text)
    TIM_TimeBaseStructInit                   0x08001b9d   Thumb Code    18  stm32f10x_tim.o(.text)
    TIM_OCStructInit                         0x08001baf   Thumb Code    20  stm32f10x_tim.o(.text)
    TIM_ICStructInit                         0x08001bc3   Thumb Code    18  stm32f10x_tim.o(.text)
    TIM_BDTRStructInit                       0x08001bd5   Thumb Code    18  stm32f10x_tim.o(.text)
    TIM_Cmd                                  0x08001be7   Thumb Code    24  stm32f10x_tim.o(.text)
    TIM_CtrlPWMOutputs                       0x08001bff   Thumb Code    52  stm32f10x_tim.o(.text)
    TIM_ITConfig                             0x08001c33   Thumb Code    24  stm32f10x_tim.o(.text)
    TIM_GenerateEvent                        0x08001c4b   Thumb Code     4  stm32f10x_tim.o(.text)
    TIM_DMAConfig                            0x08001c4f   Thumb Code    10  stm32f10x_tim.o(.text)
    TIM_DMACmd                               0x08001c59   Thumb Code    24  stm32f10x_tim.o(.text)
    TIM_InternalClockConfig                  0x08001c71   Thumb Code    12  stm32f10x_tim.o(.text)
    TIM_SelectInputTrigger                   0x08001c7d   Thumb Code    18  stm32f10x_tim.o(.text)
    TIM_ITRxExternalClockConfig              0x08001c8f   Thumb Code    24  stm32f10x_tim.o(.text)
    TIM_TIxExternalClockConfig               0x08001ca7   Thumb Code    62  stm32f10x_tim.o(.text)
    TIM_ETRConfig                            0x08001ce5   Thumb Code    24  stm32f10x_tim.o(.text)
    TIM_ETRClockMode1Config                  0x08001cfd   Thumb Code    54  stm32f10x_tim.o(.text)
    TIM_ETRClockMode2Config                  0x08001d33   Thumb Code    32  stm32f10x_tim.o(.text)
    TIM_PrescalerConfig                      0x08001d53   Thumb Code     6  stm32f10x_tim.o(.text)
    TIM_CounterModeConfig                    0x08001d59   Thumb Code    18  stm32f10x_tim.o(.text)
    TIM_EncoderInterfaceConfig               0x08001d6b   Thumb Code    62  stm32f10x_tim.o(.text)
    TIM_ForcedOC1Config                      0x08001da9   Thumb Code    18  stm32f10x_tim.o(.text)
    TIM_ForcedOC2Config                      0x08001dbb   Thumb Code    22  stm32f10x_tim.o(.text)
    TIM_ForcedOC3Config                      0x08001dd1   Thumb Code    18  stm32f10x_tim.o(.text)
    TIM_ForcedOC4Config                      0x08001de3   Thumb Code    22  stm32f10x_tim.o(.text)
    TIM_ARRPreloadConfig                     0x08001df9   Thumb Code    24  stm32f10x_tim.o(.text)
    TIM_SelectCOM                            0x08001e11   Thumb Code    24  stm32f10x_tim.o(.text)
    TIM_SelectCCDMA                          0x08001e29   Thumb Code    24  stm32f10x_tim.o(.text)
    TIM_CCPreloadControl                     0x08001e41   Thumb Code    24  stm32f10x_tim.o(.text)
    TIM_OC1PreloadConfig                     0x08001e59   Thumb Code    18  stm32f10x_tim.o(.text)
    TIM_OC2PreloadConfig                     0x08001e6b   Thumb Code    22  stm32f10x_tim.o(.text)
    TIM_OC3PreloadConfig                     0x08001e81   Thumb Code    18  stm32f10x_tim.o(.text)
    TIM_OC4PreloadConfig                     0x08001e93   Thumb Code    22  stm32f10x_tim.o(.text)
    TIM_OC1FastConfig                        0x08001ea9   Thumb Code    18  stm32f10x_tim.o(.text)
    TIM_OC2FastConfig                        0x08001ebb   Thumb Code    22  stm32f10x_tim.o(.text)
    TIM_OC3FastConfig                        0x08001ed1   Thumb Code    18  stm32f10x_tim.o(.text)
    TIM_OC4FastConfig                        0x08001ee3   Thumb Code    22  stm32f10x_tim.o(.text)
    TIM_ClearOC1Ref                          0x08001ef9   Thumb Code    18  stm32f10x_tim.o(.text)
    TIM_ClearOC2Ref                          0x08001f0b   Thumb Code    20  stm32f10x_tim.o(.text)
    TIM_ClearOC3Ref                          0x08001f1f   Thumb Code    18  stm32f10x_tim.o(.text)
    TIM_ClearOC4Ref                          0x08001f31   Thumb Code    20  stm32f10x_tim.o(.text)
    TIM_OC1PolarityConfig                    0x08001f45   Thumb Code    18  stm32f10x_tim.o(.text)
    TIM_OC1NPolarityConfig                   0x08001f57   Thumb Code    18  stm32f10x_tim.o(.text)
    TIM_OC2PolarityConfig                    0x08001f69   Thumb Code    22  stm32f10x_tim.o(.text)
    TIM_OC2NPolarityConfig                   0x08001f7f   Thumb Code    22  stm32f10x_tim.o(.text)
    TIM_OC3PolarityConfig                    0x08001f95   Thumb Code    22  stm32f10x_tim.o(.text)
    TIM_OC3NPolarityConfig                   0x08001fab   Thumb Code    22  stm32f10x_tim.o(.text)
    TIM_OC4PolarityConfig                    0x08001fc1   Thumb Code    22  stm32f10x_tim.o(.text)
    TIM_CCxCmd                               0x08001fd7   Thumb Code    34  stm32f10x_tim.o(.text)
    TIM_CCxNCmd                              0x08001ff9   Thumb Code    34  stm32f10x_tim.o(.text)
    TIM_SelectOCxM                           0x0800201b   Thumb Code    82  stm32f10x_tim.o(.text)
    TIM_UpdateDisableConfig                  0x0800206d   Thumb Code    24  stm32f10x_tim.o(.text)
    TIM_UpdateRequestConfig                  0x08002085   Thumb Code    24  stm32f10x_tim.o(.text)
    TIM_SelectHallSensor                     0x0800209d   Thumb Code    24  stm32f10x_tim.o(.text)
    TIM_SelectOnePulseMode                   0x080020b5   Thumb Code    18  stm32f10x_tim.o(.text)
    TIM_SelectOutputTrigger                  0x080020c7   Thumb Code    18  stm32f10x_tim.o(.text)
    TIM_SelectSlaveMode                      0x080020d9   Thumb Code    18  stm32f10x_tim.o(.text)
    TIM_SelectMasterSlaveMode                0x080020eb   Thumb Code    18  stm32f10x_tim.o(.text)
    TIM_SetCounter                           0x080020fd   Thumb Code     4  stm32f10x_tim.o(.text)
    TIM_SetAutoreload                        0x08002101   Thumb Code     4  stm32f10x_tim.o(.text)
    TIM_SetCompare1                          0x08002105   Thumb Code     4  stm32f10x_tim.o(.text)
    TIM_SetCompare2                          0x08002109   Thumb Code     4  stm32f10x_tim.o(.text)
    TIM_SetCompare3                          0x0800210d   Thumb Code     4  stm32f10x_tim.o(.text)
    TIM_SetCompare4                          0x08002111   Thumb Code     6  stm32f10x_tim.o(.text)
    TIM_SetClockDivision                     0x08002117   Thumb Code    18  stm32f10x_tim.o(.text)
    TIM_GetCapture1                          0x08002129   Thumb Code     6  stm32f10x_tim.o(.text)
    TIM_GetCapture2                          0x0800212f   Thumb Code     6  stm32f10x_tim.o(.text)
    TIM_GetCapture3                          0x08002135   Thumb Code     6  stm32f10x_tim.o(.text)
    TIM_GetCapture4                          0x0800213b   Thumb Code     8  stm32f10x_tim.o(.text)
    TIM_GetCounter                           0x08002143   Thumb Code     6  stm32f10x_tim.o(.text)
    TIM_GetPrescaler                         0x08002149   Thumb Code     6  stm32f10x_tim.o(.text)
    TIM_GetFlagStatus                        0x0800214f   Thumb Code    18  stm32f10x_tim.o(.text)
    TIM_ClearFlag                            0x08002161   Thumb Code     6  stm32f10x_tim.o(.text)
    TIM_GetITStatus                          0x08002167   Thumb Code    34  stm32f10x_tim.o(.text)
    TIM_ClearITPendingBit                    0x08002189   Thumb Code     6  stm32f10x_tim.o(.text)
    USART_DeInit                             0x08002191   Thumb Code   134  stm32f10x_usart.o(.text)
    USART_Init                               0x08002217   Thumb Code   210  stm32f10x_usart.o(.text)
    USART_StructInit                         0x080022e9   Thumb Code    24  stm32f10x_usart.o(.text)
    USART_ClockInit                          0x08002301   Thumb Code    34  stm32f10x_usart.o(.text)
    USART_ClockStructInit                    0x08002323   Thumb Code    12  stm32f10x_usart.o(.text)
    USART_Cmd                                0x0800232f   Thumb Code    24  stm32f10x_usart.o(.text)
    USART_ITConfig                           0x08002347   Thumb Code    74  stm32f10x_usart.o(.text)
    USART_DMACmd                             0x08002391   Thumb Code    24  stm32f10x_usart.o(.text)
    USART_SetAddress                         0x080023a9   Thumb Code    18  stm32f10x_usart.o(.text)
    USART_WakeUpConfig                       0x080023bb   Thumb Code    18  stm32f10x_usart.o(.text)
    USART_ReceiverWakeUpCmd                  0x080023cd   Thumb Code    24  stm32f10x_usart.o(.text)
    USART_LINBreakDetectLengthConfig         0x080023e5   Thumb Code    18  stm32f10x_usart.o(.text)
    USART_LINCmd                             0x080023f7   Thumb Code    24  stm32f10x_usart.o(.text)
    USART_SendData                           0x0800240f   Thumb Code     8  stm32f10x_usart.o(.text)
    USART_ReceiveData                        0x08002417   Thumb Code    10  stm32f10x_usart.o(.text)
    USART_SendBreak                          0x08002421   Thumb Code    10  stm32f10x_usart.o(.text)
    USART_SetGuardTime                       0x0800242b   Thumb Code    16  stm32f10x_usart.o(.text)
    USART_SetPrescaler                       0x0800243b   Thumb Code    16  stm32f10x_usart.o(.text)
    USART_SmartCardCmd                       0x0800244b   Thumb Code    24  stm32f10x_usart.o(.text)
    USART_SmartCardNACKCmd                   0x08002463   Thumb Code    24  stm32f10x_usart.o(.text)
    USART_HalfDuplexCmd                      0x0800247b   Thumb Code    24  stm32f10x_usart.o(.text)
    USART_OverSampling8Cmd                   0x08002493   Thumb Code    22  stm32f10x_usart.o(.text)
    USART_OneBitMethodCmd                    0x080024a9   Thumb Code    24  stm32f10x_usart.o(.text)
    USART_IrDAConfig                         0x080024c1   Thumb Code    18  stm32f10x_usart.o(.text)
    USART_IrDACmd                            0x080024d3   Thumb Code    24  stm32f10x_usart.o(.text)
    USART_GetFlagStatus                      0x080024eb   Thumb Code    26  stm32f10x_usart.o(.text)
    USART_ClearFlag                          0x08002505   Thumb Code    18  stm32f10x_usart.o(.text)
    USART_GetITStatus                        0x08002517   Thumb Code    84  stm32f10x_usart.o(.text)
    USART_ClearITPendingBit                  0x0800256b   Thumb Code    50  stm32f10x_usart.o(.text)
    __scatterload                            0x0800259d   Thumb Code    28  init.o(.text)
    __scatterload_rt2                        0x0800259d   Thumb Code     0  init.o(.text)
    __scatterload_copy                       0x080025c1   Thumb Code    14  handlers.o(i.__scatterload_copy)
    __scatterload_null                       0x080025cf   Thumb Code     2  handlers.o(i.__scatterload_null)
    __scatterload_zeroinit                   0x080025d1   Thumb Code    14  handlers.o(i.__scatterload_zeroinit)
    Region$$Table$$Base                      0x080025e0   Number         0  anon$$obj.o(Region$$Table)
    Region$$Table$$Limit                     0x08002600   Number         0  anon$$obj.o(Region$$Table)
    SystemCoreClock                          0x20000000   Data           4  system_stm32f10x.o(.data)
    AHBPrescTable                            0x20000004   Data          16  system_stm32f10x.o(.data)
    USART_RX_STA                             0x20000018   Data           2  usart.o(.data)
    __stdout                                 0x2000001c   Data           4  usart.o(.data)
    Angle_J1                                 0x20000020   Data           4  bsp_servo.o(.data)
    Angle_J2                                 0x20000024   Data           4  bsp_servo.o(.data)
    Angle_J3                                 0x20000028   Data           4  bsp_servo.o(.data)
    Angle_J4                                 0x2000002c   Data           4  bsp_servo.o(.data)
    Angle_J5                                 0x20000030   Data           4  bsp_servo.o(.data)
    Angle_J6                                 0x20000034   Data           4  bsp_servo.o(.data)
    num                                      0x20000038   Data           4  bsp_timer.o(.data)
    USART_RX_BUF                             0x20000050   Data         200  usart.o(.bss)
    __initial_sp                             0x20000518   Data           0  startup_stm32f10x_md.o(STACK)



==============================================================================

Memory Map of the image

  Image Entry point : 0x080000ed

  Load Region LR_IROM1 (Base: 0x08000000, Size: 0x00002650, Max: 0x00010000, ABSOLUTE)

    Execution Region ER_IROM1 (Base: 0x08000000, Size: 0x00002600, Max: 0x00010000, ABSOLUTE)

    Base Addr    Size         Type   Attr      Idx    E Section Name        Object

    0x08000000   0x000000ec   Data   RO            3    RESET               startup_stm32f10x_md.o
    0x080000ec   0x00000000   Code   RO          705  * .ARM.Collect$$$$00000000  mc_w.l(entry.o)(mc_w.l)
    0x080000ec   0x00000004   Code   RO          708    .ARM.Collect$$$$00000001  mc_w.l(entry2.o)(mc_w.l)
    0x080000f0   0x00000004   Code   RO          711    .ARM.Collect$$$$00000004  mc_w.l(entry5.o)(mc_w.l)
    0x080000f4   0x00000008   Code   RO          712    .ARM.Collect$$$$00000007  mc_w.l(entry7.o)(mc_w.l)
    0x080000fc   0x00000004   Code   RO          709    .ARM.Collect$$$$00002712  mc_w.l(entry2.o)(mc_w.l)
    0x08000100   0x00000024   Code   RO            4    .text               startup_stm32f10x_md.o
    0x08000124   0x000001c8   Code   RO           24    .text               system_stm32f10x.o
    0x080002ec   0x000000c4   Code   RO           73    .text               delay.o
    0x080003b0   0x00000140   Code   RO          151    .text               usart.o
    0x080004f0   0x000000a0   Code   RO          174    .text               main.o
    0x08000590   0x0000002a   Code   RO          267    .text               bsp.o
    0x080005ba   0x00000002   PAD
    0x080005bc   0x000001b0   Code   RO          295    .text               bsp_gpio.o
    0x0800076c   0x000000f4   Code   RO          316    .text               bsp_motor.o
    0x08000860   0x000001f0   Code   RO          349    .text               bsp_timer.o
    0x08000a50   0x000000f8   Code   RO          379    .text               misc.o
    0x08000b48   0x000000c4   Code   RO          406    .text               stm32f10x_bkp.o
    0x08000c0c   0x00000358   Code   RO          553    .text               stm32f10x_gpio.o
    0x08000f64   0x000000d8   Code   RO          592    .text               stm32f10x_pwr.o
    0x0800103c   0x000003a4   Code   RO          607    .text               stm32f10x_rcc.o
    0x080013e0   0x00000dae   Code   RO          666    .text               stm32f10x_tim.o
    0x0800218e   0x00000002   PAD
    0x08002190   0x0000040c   Code   RO          678    .text               stm32f10x_usart.o
    0x0800259c   0x00000024   Code   RO          713    .text               mc_w.l(init.o)(mc_w.l)
    0x080025c0   0x0000000e   Code   RO          717    i.__scatterload_copy  mc_w.l(handlers.o)(mc_w.l)
    0x080025ce   0x00000002   Code   RO          718    i.__scatterload_null  mc_w.l(handlers.o)(mc_w.l)
    0x080025d0   0x0000000e   Code   RO          719    i.__scatterload_zeroinit  mc_w.l(handlers.o)(mc_w.l)
    0x080025de   0x00000002   PAD
    0x080025e0   0x00000020   Data   RO          715    Region$$Table       anon$$obj.o


    Execution Region RW_IRAM1 (Base: 0x20000000, Size: 0x00000518, Max: 0x00005000, ABSOLUTE)

    Base Addr    Size         Type   Attr      Idx    E Section Name        Object

    0x20000000   0x00000014   Data   RW           25    .data               system_stm32f10x.o
    0x20000014   0x00000004   Data   RW           74    .data               delay.o
    0x20000018   0x00000008   Data   RW          153    .data               usart.o
    0x20000020   0x00000018   Data   RW          332    .data               bsp_servo.o
    0x20000038   0x00000004   Data   RW          350    .data               bsp_timer.o
    0x2000003c   0x00000014   Data   RW          608    .data               stm32f10x_rcc.o
    0x20000050   0x000000c8   Zero   RW          152    .bss                usart.o
    0x20000118   0x00000400   Zero   RW            1    STACK               startup_stm32f10x_md.o


==============================================================================

Image component sizes


      Code (inc. data)   RO Data    RW Data    ZI Data      Debug   Object Name

         0          0          0          0          0          0   app_motor.o
        42          0          0          0          0          0   bsp.o
       432         14          0          0          0          0   bsp_gpio.o
       244          8          0          0          0          0   bsp_motor.o
         0          0          0         24          0          0   bsp_servo.o
       496         40          0          4          0          0   bsp_timer.o
         0          0          0          0          0          0   core_cm3.o
       196         16          0          4          0          0   delay.o
       160         26          0          0          0          0   main.o
       248         30          0          0          0          0   misc.o
        36          8        236          0       1024          0   startup_stm32f10x_md.o
       196         32          0          0          0          0   stm32f10x_bkp.o
       856         40          0          0          0          0   stm32f10x_gpio.o
       216         16          0          0          0          0   stm32f10x_pwr.o
       932         52          0         20          0          0   stm32f10x_rcc.o
      3502         86          0          0          0          0   stm32f10x_tim.o
      1036         20          0          0          0          0   stm32f10x_usart.o
         0          0          0          0          0          0   sys.o
       456         36          0         20          0          0   system_stm32f10x.o
       320         20          0          8        200          0   usart.o

    ----------------------------------------------------------------------
      9372        444        268         80       1224          0   Object Totals
         0          0         32          0          0          0   (incl. Generated)
         4          0          0          0          0          2   (incl. Padding)

    ----------------------------------------------------------------------

      Code (inc. data)   RO Data    RW Data    ZI Data      Debug   Library Member Name

         0          0          0          0          0          0   entry.o
         8          4          0          0          0          0   entry2.o
         4          0          0          0          0          0   entry5.o
         8          4          0          0          0          0   entry7.o
        30          0          0          0          0          0   handlers.o
        36          8          0          0          0          0   init.o

    ----------------------------------------------------------------------
        88         16          0          0          0          0   Library Totals
         2          0          0          0          0          0   (incl. Padding)

    ----------------------------------------------------------------------

      Code (inc. data)   RO Data    RW Data    ZI Data      Debug   Library Name

        86         16          0          0          0         68   mc_w.l

    ----------------------------------------------------------------------
        88         16          0          0          0          0   Library Totals

    ----------------------------------------------------------------------

==============================================================================


      Code (inc. data)   RO Data    RW Data    ZI Data      Debug   

      9460        460        268         80       1224     774828   Grand Totals
      9460        460        268         80       1224     774828   ELF Image Totals
      9460        460        268         80          0          0   ROM Totals

==============================================================================

    Total RO  Size (Code + RO Data)                 9728 (   9.50kB)
    Total RW  Size (RW Data + ZI Data)              1304 (   1.27kB)
    Total ROM Size (Code + RO Data + RW Data)       9808 (   9.58kB)

==============================================================================

